// Jest Snapshot v1, https://goo.gl/fbAQLP

exports[`DnD Store Shallow test the store Element is initiated 1`] = `
Object {
  "id-1": DFlexNode {
    "animatedFrame": null,
    "depth": 0,
    "id": "id-1",
    "isInitialized": false,
    "isPaused": true,
    "isVisible": false,
    "keys": Object {
      "CHK": null,
      "PK": "1-0",
      "SK": "0-0",
    },
    "order": Object {
      "parent": 0,
      "self": 0,
    },
    "readonly": false,
    "ref": null,
  },
}
`;
