// Jest Snapshot v1, https://goo.gl/fbAQLP

exports[`DnD Store Shallow test the store Element is initiated 1`] = `
Object {
  "id-1": DFlexNode {
    "_hasAttribute": Object {},
    "animatedFrame": 1,
    "currentPosition": PointNum {
      "x": 0,
      "y": 0,
    },
    "depth": 0,
    "grid": PointNum {
      "x": 1,
      "y": 1,
    },
    "hasToTransform": false,
    "id": "id-1",
    "isInitialized": true,
    "isPaused": false,
    "isVisible": true,
    "keys": Object {
      "CHK": null,
      "PK": "1-0",
      "SK": "0-0",
    },
    "offset": Object {
      "height": 0,
      "left": 0,
      "top": 0,
      "width": 0,
    },
    "order": Object {
      "parent": 0,
      "self": 0,
    },
    "readonly": false,
    "ref": <div
      id="id-1"
    />,
    "translate": PointNum {
      "x": 0,
      "y": 0,
    },
  },
  "id-2": DFlexNode {
    "_hasAttribute": Object {},
    "animatedFrame": null,
    "currentPosition": PointNum {
      "x": 0,
      "y": 0,
    },
    "depth": 0,
    "grid": PointNum {
      "x": 1,
      "y": 1,
    },
    "hasToTransform": false,
    "id": "id-2",
    "isInitialized": true,
    "isPaused": false,
    "isVisible": true,
    "keys": Object {
      "CHK": null,
      "PK": "1-0",
      "SK": "0-0",
    },
    "offset": Object {
      "height": 0,
      "left": 0,
      "top": 0,
      "width": 0,
    },
    "order": Object {
      "parent": 0,
      "self": 1,
    },
    "readonly": false,
    "ref": <div
      id="id-2"
    />,
    "translate": PointNum {
      "x": 0,
      "y": 0,
    },
  },
  "id-3": DFlexNode {
    "_hasAttribute": Object {},
    "animatedFrame": null,
    "currentPosition": PointNum {
      "x": 0,
      "y": 0,
    },
    "depth": 0,
    "grid": PointNum {
      "x": 1,
      "y": 1,
    },
    "hasToTransform": false,
    "id": "id-3",
    "isInitialized": true,
    "isPaused": false,
    "isVisible": true,
    "keys": Object {
      "CHK": null,
      "PK": "1-0",
      "SK": "0-0",
    },
    "offset": Object {
      "height": 0,
      "left": 0,
      "top": 0,
      "width": 0,
    },
    "order": Object {
      "parent": 0,
      "self": 2,
    },
    "readonly": false,
    "ref": <div
      id="id-3"
    />,
    "translate": PointNum {
      "x": 0,
      "y": 0,
    },
  },
  "id-4": DFlexNode {
    "_hasAttribute": Object {},
    "animatedFrame": null,
    "currentPosition": PointNum {
      "x": 0,
      "y": 0,
    },
    "depth": 0,
    "grid": PointNum {
      "x": 1,
      "y": 1,
    },
    "hasToTransform": false,
    "id": "id-4",
    "isInitialized": true,
    "isPaused": false,
    "isVisible": true,
    "keys": Object {
      "CHK": null,
      "PK": "1-0",
      "SK": "0-0",
    },
    "offset": Object {
      "height": 0,
      "left": 0,
      "top": 0,
      "width": 0,
    },
    "order": Object {
      "parent": 0,
      "self": 3,
    },
    "readonly": false,
    "ref": <div
      id="id-4"
    />,
    "translate": PointNum {
      "x": 0,
      "y": 0,
    },
  },
}
`;
