// Jest Snapshot v1, https://goo.gl/fbAQLP

exports[`DFlex DnD DFlex DnD Store registration Element is initiated 1`] = `
DFlexDnDStore {
  "DOMGen": DOMKeysGenerator {
    "_PKByDepth": {
      "0": "dflex_ky_1_1",
      "1": "dflex_ky_2_0",
    },
    "_SKByDepth": Map {
      0 => [
        "dflex_sk_0_0",
        "dflex_sk_0_1",
      ],
      1 => [
        "dflex_sk_1_0",
      ],
    },
    "_branchIndex": 1,
    "_branchesRegistry": Map {
      "dflex_bk_0" => Map {
        0 => {
          "SK": "dflex_sk_0_0",
          "ids": [
            "id-1",
          ],
        },
        1 => {
          "SK": "dflex_sk_1_0",
          "ids": [
            "dflex_id_0",
          ],
        },
      },
      "dflex_bk_1" => Map {
        0 => {
          "SK": "dflex_sk_0_1",
          "ids": [
            "id-2",
            "id-3",
            "id-4",
          ],
        },
        1 => {
          "SK": "dflex_sk_1_0",
          "ids": [
            "dflex_id_1",
          ],
        },
      },
    },
    "_idsBySk": Map {
      "dflex_sk_0_0" => [
        "id-1",
      ],
      "dflex_sk_1_0" => [
        "dflex_id_0",
        "dflex_id_1",
      ],
      "dflex_sk_0_1" => [
        "id-2",
        "id-3",
        "id-4",
      ],
    },
    "_preBK": null,
    "_prevBKs": [
      "dflex_bk_0",
      "dflex_bk_1",
    ],
    "_prevDepth": 1,
    "_prevPK": "dflex_ky_2_0",
    "_siblingsCount": {
      "0": 4,
      "1": 2,
      "2": 0,
    },
  },
  "_initObservers": [Function],
  "_initSiblings": [Function],
  "_isDOM": true,
  "_isInitialized": true,
  "_lastDOMParent": null,
  "_resizeThrottle": [Function],
  "_taskQ": TaskQueue {
    "_elmInQueue": Set {},
    "_queue": {},
  },
  "_terminatedDOMiDs": Set {},
  "_unregisterSchedule": [Function],
  "_windowResizeHandler": [Function],
  "containers": Map {
    "dflex_sk_0_0" => DFlexParentContainer {
      "_boundariesByRow": BoxNum {
        "bottom": 0,
        "left": 0,
        "right": 0,
        "top": 0,
      },
      "_gridIndex": PointNum {
        "x": 0,
        "y": 0,
      },
      "_rect": BoxRect {
        "bottom": 0,
        "height": 0,
        "left": 0,
        "right": 0,
        "top": 0,
        "width": 0,
      },
      "_siblingBoundaries": BoxRect {
        "bottom": 0,
        "height": 0,
        "left": 0,
        "right": 0,
        "top": 0,
        "width": 0,
      },
      "grid": PointNum {
        "x": 0,
        "y": 0,
      },
      "id": "dflex_id_0",
      "lastElmPosition": null,
      "originLength": 1,
    },
    "dflex_sk_0_1" => DFlexParentContainer {
      "_boundariesByRow": BoxNum {
        "bottom": 0,
        "left": 0,
        "right": 0,
        "top": 0,
      },
      "_gridIndex": PointNum {
        "x": 0,
        "y": 2,
      },
      "_rect": BoxRect {
        "bottom": 0,
        "height": 0,
        "left": 0,
        "right": 0,
        "top": 0,
        "width": 0,
      },
      "_siblingBoundaries": BoxRect {
        "bottom": 0,
        "height": 0,
        "left": 0,
        "right": 0,
        "top": 0,
        "width": 0,
      },
      "grid": PointNum {
        "x": 0,
        "y": 2,
      },
      "id": "dflex_id_1",
      "lastElmPosition": null,
      "originLength": 3,
    },
  },
  "deferred": [],
  "deletedDOM": WeakSet {},
  "globals": {
    "enableDragSettleOnSwitch": true,
    "enableEvents": true,
    "enableListeners": true,
    "removeEmptyContainer": false,
  },
  "interactiveDOM": Map {
    "id-1" => <div
      data-dev-x="0"
      data-dev-y="0"
      data-index="0"
      id="id-1"
    />,
    "dflex_id_0" => <div
      data-dflex-key="dflex_sk_1_0"
      data-index="0"
      id="dflex_id_0"
      style="opacity: 1;"
    >
      <div
        data-dev-x="0"
        data-dev-y="0"
        data-index="0"
        id="id-1"
      />
    </div>,
    "id-2" => <div
      data-dev-x="0"
      data-dev-y="0"
      data-index="0"
      id="id-2"
    />,
    "id-3" => <div
      data-dev-x="0"
      data-dev-y="1"
      data-index="1"
      id="id-3"
    />,
    "id-4" => <div
      data-dev-x="0"
      data-dev-y="2"
      data-index="2"
      id="id-4"
    />,
    "dflex_id_1" => <div
      data-dflex-key="dflex_sk_1_0"
      data-index="1"
      id="dflex_id_1"
      style="opacity: 1;"
    >
      <div
        data-dev-x="0"
        data-dev-y="0"
        data-index="0"
        id="id-2"
      />
      <div
        data-dev-x="0"
        data-dev-y="1"
        data-index="1"
        id="id-3"
      />
      <div
        data-dev-x="0"
        data-dev-y="2"
        data-index="2"
        id="id-4"
      />
    </div>,
  },
  "isComposing": true,
  "isUpdating": false,
  "listeners": {
    "clear": [Function],
    "notify": [Function],
    "subscribe": [Function],
  },
  "migration": null,
  "mutationObserverMap": Map {
    "dflex_id_0" => MutationObserver {},
    "dflex_id_1" => MutationObserver {},
  },
  "pending": [],
  "registry": Map {
    "id-1" => DFlexElement {
      "DOMGrid": PointNum {
        "x": 0,
        "y": 0,
      },
      "DOMOrder": {
        "parent": 0,
        "self": 0,
      },
      "VDOMOrder": {
        "parent": 0,
        "self": 0,
      },
      "_CSSTransform": null,
      "_RAF": [Function],
      "_animation": {
        "duration": "dynamic",
        "easing": "ease-in",
      },
      "_computedDimensions": null,
      "_hasPendingTransform": false,
      "_initialPosition": PointNum {
        "x": 0,
        "y": 0,
      },
      "_isVisible": true,
      "_translateHistory": undefined,
      "depth": 0,
      "id": "id-1",
      "keys": {
        "BK": "dflex_bk_0",
        "CHK": null,
        "PK": "dflex_ky_1_0",
        "SK": "dflex_sk_0_0",
      },
      "readonly": false,
      "rect": BoxRect {
        "bottom": 0,
        "height": 0,
        "left": 0,
        "right": 0,
        "top": 0,
        "width": 0,
      },
      "translate": PointNum {
        "x": 0,
        "y": 0,
      },
    },
    "dflex_id_0" => DFlexElement {
      "DOMGrid": PointNum {
        "x": 0,
        "y": 0,
      },
      "DOMOrder": {
        "parent": 0,
        "self": 0,
      },
      "VDOMOrder": {
        "parent": 0,
        "self": 0,
      },
      "_CSSTransform": null,
      "_RAF": [Function],
      "_animation": {
        "duration": "dynamic",
        "easing": "ease-in",
      },
      "_computedDimensions": null,
      "_hasPendingTransform": false,
      "_initialPosition": PointNum {
        "x": 0,
        "y": 0,
      },
      "_isVisible": true,
      "_translateHistory": undefined,
      "depth": 1,
      "id": "dflex_id_0",
      "keys": {
        "BK": "dflex_bk_0",
        "CHK": "dflex_ky_1_0",
        "PK": "dflex_ky_2_0",
        "SK": "dflex_sk_1_0",
      },
      "readonly": true,
      "rect": BoxRect {
        "bottom": 0,
        "height": 0,
        "left": 0,
        "right": 0,
        "top": 0,
        "width": 0,
      },
      "translate": PointNum {
        "x": 0,
        "y": 0,
      },
    },
    "id-2" => DFlexElement {
      "DOMGrid": PointNum {
        "x": 0,
        "y": 0,
      },
      "DOMOrder": {
        "parent": 1,
        "self": 0,
      },
      "VDOMOrder": {
        "parent": 1,
        "self": 0,
      },
      "_CSSTransform": null,
      "_RAF": [Function],
      "_animation": {
        "duration": "dynamic",
        "easing": "ease-in",
      },
      "_computedDimensions": null,
      "_hasPendingTransform": false,
      "_initialPosition": PointNum {
        "x": 0,
        "y": 0,
      },
      "_isVisible": true,
      "_translateHistory": undefined,
      "depth": 0,
      "id": "id-2",
      "keys": {
        "BK": "dflex_bk_1",
        "CHK": null,
        "PK": "dflex_ky_1_1",
        "SK": "dflex_sk_0_1",
      },
      "readonly": false,
      "rect": BoxRect {
        "bottom": 0,
        "height": 0,
        "left": 0,
        "right": 0,
        "top": 0,
        "width": 0,
      },
      "translate": PointNum {
        "x": 0,
        "y": 0,
      },
    },
    "id-3" => DFlexElement {
      "DOMGrid": PointNum {
        "x": 0,
        "y": 1,
      },
      "DOMOrder": {
        "parent": 1,
        "self": 1,
      },
      "VDOMOrder": {
        "parent": 1,
        "self": 1,
      },
      "_CSSTransform": null,
      "_RAF": [Function],
      "_animation": {
        "duration": "dynamic",
        "easing": "ease-in",
      },
      "_computedDimensions": null,
      "_hasPendingTransform": false,
      "_initialPosition": PointNum {
        "x": 0,
        "y": 0,
      },
      "_isVisible": true,
      "_translateHistory": undefined,
      "depth": 0,
      "id": "id-3",
      "keys": {
        "BK": "dflex_bk_1",
        "CHK": null,
        "PK": "dflex_ky_1_1",
        "SK": "dflex_sk_0_1",
      },
      "readonly": false,
      "rect": BoxRect {
        "bottom": 0,
        "height": 0,
        "left": 0,
        "right": 0,
        "top": 0,
        "width": 0,
      },
      "translate": PointNum {
        "x": 0,
        "y": 0,
      },
    },
    "id-4" => DFlexElement {
      "DOMGrid": PointNum {
        "x": 0,
        "y": 2,
      },
      "DOMOrder": {
        "parent": 1,
        "self": 2,
      },
      "VDOMOrder": {
        "parent": 1,
        "self": 2,
      },
      "_CSSTransform": null,
      "_RAF": [Function],
      "_animation": {
        "duration": "dynamic",
        "easing": "ease-in",
      },
      "_computedDimensions": null,
      "_hasPendingTransform": false,
      "_initialPosition": PointNum {
        "x": 0,
        "y": 0,
      },
      "_isVisible": true,
      "_translateHistory": undefined,
      "depth": 0,
      "id": "id-4",
      "keys": {
        "BK": "dflex_bk_1",
        "CHK": null,
        "PK": "dflex_ky_1_1",
        "SK": "dflex_sk_0_1",
      },
      "readonly": false,
      "rect": BoxRect {
        "bottom": 0,
        "height": 0,
        "left": 0,
        "right": 0,
        "top": 0,
        "width": 0,
      },
      "translate": PointNum {
        "x": 0,
        "y": 0,
      },
    },
    "dflex_id_1" => DFlexElement {
      "DOMGrid": PointNum {
        "x": 0,
        "y": 0,
      },
      "DOMOrder": {
        "parent": 0,
        "self": 1,
      },
      "VDOMOrder": {
        "parent": 0,
        "self": 1,
      },
      "_CSSTransform": null,
      "_RAF": [Function],
      "_animation": {
        "duration": "dynamic",
        "easing": "ease-in",
      },
      "_computedDimensions": null,
      "_hasPendingTransform": false,
      "_initialPosition": PointNum {
        "x": 0,
        "y": 0,
      },
      "_isVisible": true,
      "_translateHistory": undefined,
      "depth": 1,
      "id": "dflex_id_1",
      "keys": {
        "BK": "dflex_bk_1",
        "CHK": "dflex_ky_1_1",
        "PK": "dflex_ky_2_0",
        "SK": "dflex_sk_1_0",
      },
      "readonly": true,
      "rect": BoxRect {
        "bottom": 0,
        "height": 0,
        "left": 0,
        "right": 0,
        "top": 0,
        "width": 0,
      },
      "translate": PointNum {
        "x": 0,
        "y": 0,
      },
    },
  },
  "scrolls": Map {
    "dflex_sk_0_0" => DFlexScrollContainer {
      "_SK": "dflex_sk_0_0",
      "_containerDOM": <html>
        <head />
        <body>
          <div>
            <div>
              <div
                data-dflex-key="dflex_sk_1_0"
                data-index="0"
                id="dflex_id_0"
                style="opacity: 1;"
              >
                <div
                  data-dev-x="0"
                  data-dev-y="0"
                  data-index="0"
                  id="id-1"
                />
              </div>
              <div
                data-dflex-key="dflex_sk_1_0"
                data-index="1"
                id="dflex_id_1"
                style="opacity: 1;"
              >
                <div
                  data-dev-x="0"
                  data-dev-y="0"
                  data-index="0"
                  id="id-2"
                />
                <div
                  data-dev-x="0"
                  data-dev-y="1"
                  data-index="1"
                  id="id-3"
                />
                <div
                  data-dev-x="0"
                  data-dev-y="2"
                  data-index="2"
                  id="id-4"
                />
              </div>
            </div>
          </div>
        </body>
      </html>,
      "_isCandidateForDynamicVisibility": false,
      "_isDocumentContainer": true,
      "_listenerDatasetKey": "scroll__dflex_sk_0_0",
      "_scrollEventCallback": [Function],
      "_thresholdInViewport": {
        "inner": {
          "key": "scroll_inner_dflex_sk_0_0",
          "threshold": null,
        },
        "outer": {
          "key": "scroll_outer_dflex_sk_0_0",
          "threshold": null,
        },
      },
      "_throttledResizeHandler": [Function],
      "_throttledScrollHandler": [Function],
      "hasOverflow": PointBool {
        "x": false,
        "y": false,
      },
      "totalScrollRect": BoxRect {
        "bottom": 0,
        "height": 0,
        "left": 0,
        "right": 0,
        "top": 0,
        "width": 0,
      },
      "visibleScrollRect": BoxRect {
        "bottom": 0,
        "height": 0,
        "left": 0,
        "right": 0,
        "top": 0,
        "width": 0,
      },
    },
    "dflex_sk_0_1" => DFlexScrollContainer {
      "_SK": "dflex_sk_0_1",
      "_containerDOM": <html>
        <head />
        <body>
          <div>
            <div>
              <div
                data-dflex-key="dflex_sk_1_0"
                data-index="0"
                id="dflex_id_0"
                style="opacity: 1;"
              >
                <div
                  data-dev-x="0"
                  data-dev-y="0"
                  data-index="0"
                  id="id-1"
                />
              </div>
              <div
                data-dflex-key="dflex_sk_1_0"
                data-index="1"
                id="dflex_id_1"
                style="opacity: 1;"
              >
                <div
                  data-dev-x="0"
                  data-dev-y="0"
                  data-index="0"
                  id="id-2"
                />
                <div
                  data-dev-x="0"
                  data-dev-y="1"
                  data-index="1"
                  id="id-3"
                />
                <div
                  data-dev-x="0"
                  data-dev-y="2"
                  data-index="2"
                  id="id-4"
                />
              </div>
            </div>
          </div>
        </body>
      </html>,
      "_isCandidateForDynamicVisibility": false,
      "_isDocumentContainer": true,
      "_listenerDatasetKey": "scroll__dflex_sk_0_1",
      "_scrollEventCallback": [Function],
      "_thresholdInViewport": {
        "inner": {
          "key": "scroll_inner_dflex_sk_0_1",
          "threshold": null,
        },
        "outer": {
          "key": "scroll_outer_dflex_sk_0_1",
          "threshold": null,
        },
      },
      "_throttledResizeHandler": [Function],
      "_throttledScrollHandler": [Function],
      "hasOverflow": PointBool {
        "x": false,
        "y": false,
      },
      "totalScrollRect": BoxRect {
        "bottom": 0,
        "height": 0,
        "left": 0,
        "right": 0,
        "top": 0,
        "width": 0,
      },
      "visibleScrollRect": BoxRect {
        "bottom": 0,
        "height": 0,
        "left": 0,
        "right": 0,
        "top": 0,
        "width": 0,
      },
    },
  },
  "unifiedContainerDimensions": {
    "0": {
      "height": 0,
      "width": 0,
    },
  },
  "updatesQueue": [],
}
`;
