// Jest Snapshot v1, https://goo.gl/fbAQLP

exports[`DnD Store Shallow test the store Element is initiated 1`] = `
Object {
  "id-1": CoreUtils {
    "animatedFrame": 1,
    "currentPosition": PointNum {
      "x": 450,
      "y": 114,
    },
    "depth": 0,
    "grid": PointNum {
      "x": 1,
      "y": 1,
    },
    "hasAttribute": Object {},
    "hasToTransform": false,
    "id": "id-1",
    "isInitialized": true,
    "isPaused": false,
    "isVisible": true,
    "keys": Object {
      "CHK": null,
      "PK": "1-0",
      "SK": "0-0",
    },
    "offset": Object {
      "height": 50,
      "left": 450,
      "top": 114,
      "width": 170,
    },
    "order": Object {
      "parent": 0,
      "self": 0,
    },
    "ref": <div
      data-index="0"
    />,
    "translate": PointNum {
      "x": 0,
      "y": 0,
    },
  },
}
`;
