// Jest Snapshot v1, https://goo.gl/fbAQLP

exports[`develop-static-entry onPreRenderHTML can be used to replace headComponents 1`] = `"<!DOCTYPE html><html><head><meta charSet=\\"utf-8\\"/><meta http-equiv=\\"x-ua-compatible\\" content=\\"ie=edge\\"/><meta name=\\"viewport\\" content=\\"width=device-width, initial-scale=1, shrink-to-fit=no\\"/><style> .style3  </style><style> .style2  </style><style> .style1  </style><meta name=\\"note\\" content=\\"environment=development\\"/><script src=\\"/socket.io/socket.io.js\\"></script></head><body><div id=\\"___gatsby\\"></div><script src=\\"/commons.js\\"></script></body></html>"`;

exports[`develop-static-entry onPreRenderHTML can be used to replace postBodyComponents 1`] = `"<!DOCTYPE html><html><head><meta charSet=\\"utf-8\\"/><meta http-equiv=\\"x-ua-compatible\\" content=\\"ie=edge\\"/><meta name=\\"viewport\\" content=\\"width=device-width, initial-scale=1, shrink-to-fit=no\\"/><meta name=\\"note\\" content=\\"environment=development\\"/><script src=\\"/socket.io/socket.io.js\\"></script></head><body><div id=\\"___gatsby\\"></div><div> div3 </div><div> div2 </div><div> div1 </div><script src=\\"/commons.js\\"></script></body></html>"`;

exports[`develop-static-entry onPreRenderHTML can be used to replace preBodyComponents 1`] = `"<!DOCTYPE html><html><head><meta charSet=\\"utf-8\\"/><meta http-equiv=\\"x-ua-compatible\\" content=\\"ie=edge\\"/><meta name=\\"viewport\\" content=\\"width=device-width, initial-scale=1, shrink-to-fit=no\\"/><meta name=\\"note\\" content=\\"environment=development\\"/><script src=\\"/socket.io/socket.io.js\\"></script></head><body><div> div3 </div><div> div2 </div><div> div1 </div><div id=\\"___gatsby\\"></div><script src=\\"/commons.js\\"></script></body></html>"`;

exports[`static-entry onPreRenderHTML can be used to replace headComponents 1`] = `"<!DOCTYPE html><html><head><meta charSet=\\"utf-8\\"/><meta http-equiv=\\"x-ua-compatible\\" content=\\"ie=edge\\"/><meta name=\\"viewport\\" content=\\"width=device-width, initial-scale=1, shrink-to-fit=no\\"/><link as=\\"fetch\\" rel=\\"preload\\" href=\\"/page-data/app-data.json\\" crossorigin=\\"anonymous\\"/><link as=\\"fetch\\" rel=\\"preload\\" href=\\"/page-data/about/page-data.json\\" crossorigin=\\"anonymous\\"/><style> .style3  </style><style> .style2  </style><style> .style1  </style><meta name=\\"generator\\" content=\\"Gatsby 2.0.0\\"/></head><body><div id=\\"___gatsby\\"><div style=\\"outline:none\\" tabindex=\\"-1\\" id=\\"gatsby-focus-wrapper\\"></div><div id=\\"gatsby-announcer\\" style=\\"position:absolute;top:0;width:1px;height:1px;padding:0;overflow:hidden;clip:rect(0, 0, 0, 0);white-space:nowrap;border:0\\" aria-live=\\"assertive\\" aria-atomic=\\"true\\"></div></div><script id=\\"gatsby-script-loader\\">/*<![CDATA[*/window.pagePath=\\"/about/\\";/*]]>*/</script><script id=\\"gatsby-chunk-mapping\\">/*<![CDATA[*/window.___chunkMapping={};/*]]>*/</script></body></html>"`;

exports[`static-entry onPreRenderHTML can be used to replace postBodyComponents 1`] = `"<!DOCTYPE html><html><head><meta charSet=\\"utf-8\\"/><meta http-equiv=\\"x-ua-compatible\\" content=\\"ie=edge\\"/><meta name=\\"viewport\\" content=\\"width=device-width, initial-scale=1, shrink-to-fit=no\\"/><meta name=\\"generator\\" content=\\"Gatsby 2.0.0\\"/><link as=\\"fetch\\" rel=\\"preload\\" href=\\"/page-data/about/page-data.json\\" crossorigin=\\"anonymous\\"/><link as=\\"fetch\\" rel=\\"preload\\" href=\\"/page-data/app-data.json\\" crossorigin=\\"anonymous\\"/></head><body><div id=\\"___gatsby\\"><div style=\\"outline:none\\" tabindex=\\"-1\\" id=\\"gatsby-focus-wrapper\\"></div><div id=\\"gatsby-announcer\\" style=\\"position:absolute;top:0;width:1px;height:1px;padding:0;overflow:hidden;clip:rect(0, 0, 0, 0);white-space:nowrap;border:0\\" aria-live=\\"assertive\\" aria-atomic=\\"true\\"></div></div><script id=\\"gatsby-chunk-mapping\\">/*<![CDATA[*/window.___chunkMapping={};/*]]>*/</script><script id=\\"gatsby-script-loader\\">/*<![CDATA[*/window.pagePath=\\"/about/\\";/*]]>*/</script><div> div3 </div><div> div2 </div><div> div1 </div></body></html>"`;

exports[`static-entry onPreRenderHTML can be used to replace preBodyComponents 1`] = `"<!DOCTYPE html><html><head><meta charSet=\\"utf-8\\"/><meta http-equiv=\\"x-ua-compatible\\" content=\\"ie=edge\\"/><meta name=\\"viewport\\" content=\\"width=device-width, initial-scale=1, shrink-to-fit=no\\"/><meta name=\\"generator\\" content=\\"Gatsby 2.0.0\\"/><link as=\\"fetch\\" rel=\\"preload\\" href=\\"/page-data/about/page-data.json\\" crossorigin=\\"anonymous\\"/><link as=\\"fetch\\" rel=\\"preload\\" href=\\"/page-data/app-data.json\\" crossorigin=\\"anonymous\\"/></head><body><div> div3 </div><div> div2 </div><div> div1 </div><div id=\\"___gatsby\\"><div style=\\"outline:none\\" tabindex=\\"-1\\" id=\\"gatsby-focus-wrapper\\"></div><div id=\\"gatsby-announcer\\" style=\\"position:absolute;top:0;width:1px;height:1px;padding:0;overflow:hidden;clip:rect(0, 0, 0, 0);white-space:nowrap;border:0\\" aria-live=\\"assertive\\" aria-atomic=\\"true\\"></div></div><script id=\\"gatsby-script-loader\\">/*<![CDATA[*/window.pagePath=\\"/about/\\";/*]]>*/</script><script id=\\"gatsby-chunk-mapping\\">/*<![CDATA[*/window.___chunkMapping={};/*]]>*/</script></body></html>"`;
