// Jest Snapshot v1, https://goo.gl/fbAQLP

exports[`Draggable Store Registers element and initiates translateX,Y 1`] = `
Map {
  "id-0" => DFlexElement {
    "DOMGrid": PointNum {
      "x": 0,
      "y": 0,
    },
    "DOMOrder": {
      "parent": 0,
      "self": 0,
    },
    "VDOMOrder": {
      "parent": 0,
      "self": 0,
    },
    "_animatedFrame": null,
    "_animation": {
      "duration": "dynamic",
      "easing": "ease-in",
    },
    "_computedDimensions": null,
    "_dragCSS": null,
    "_hasAttribute": Set {},
    "_hasPendingTransform": false,
    "_initialPosition": PointNum {
      "x": 0,
      "y": 0,
    },
    "_isVisible": true,
    "_translateHistory": undefined,
    "depth": 0,
    "id": "id-0",
    "keys": {
      "BK": "dflex_bk_0",
      "CHK": null,
      "PK": "dflex_ky_1_0",
      "SK": "dflex_sk_0_0",
    },
    "readonly": false,
    "rect": BoxRect {
      "bottom": 0,
      "height": 0,
      "left": 0,
      "right": 0,
      "top": 0,
      "width": 0,
    },
    "translate": PointNum {
      "x": 0,
      "y": 0,
    },
  },
}
`;
