// Jest Snapshot v1, https://goo.gl/fbAQLP

exports[`Draggable Store Registers element and initiates translateX,Y 1`] = `
Object {
  "id-0": CoreInstance {
    "animatedFrame": null,
    "currentLeft": NaN,
    "currentTop": NaN,
    "hasToTransform": false,
    "id": "id-0",
    "isInitialized": true,
    "isPaused": false,
    "isVisible": undefined,
    "keys": Object {
      "chK": null,
      "pK": "1-0",
      "sK": "0-0",
    },
    "offset": Object {
      "height": 0,
      "left": NaN,
      "top": NaN,
      "width": 0,
    },
    "order": Object {
      "parent": 0,
      "self": 0,
    },
    "prevTranslateY": Array [],
    "ref": <div />,
    "translateX": 0,
    "translateY": 0,
  },
}
`;
